// Jest Snapshot v1, https://goo.gl/fbAQLP

exports[`ensures that a draft can be created and published 3`] = `
Array [
  Object {
    "body": "...",
    "id": 1,
    "published": true,
    "title": "Nexus",
  },
]
`;
